/home/qkrt/qkrt-nav/src/install/sentry_communication/lib/python3.10/site-packages/sentry_communication/mcb_message.py
/home/qkrt/qkrt-nav/src/install/sentry_communication/lib/python3.10/site-packages/sentry_communication/__init__.py
/home/qkrt/qkrt-nav/src/install/sentry_communication/lib/python3.10/site-packages/sentry_communication/event_driven.py
/home/qkrt/qkrt-nav/src/install/sentry_communication/lib/python3.10/site-packages/sentry_communication/comm_hub.py
/home/qkrt/qkrt-nav/src/install/sentry_communication/lib/python3.10/site-packages/sentry_communication/async_io.py
/home/qkrt/qkrt-nav/src/install/sentry_communication/lib/python3.10/site-packages/sentry_communication/threaded_blocking_read.py
/home/qkrt/qkrt-nav/src/install/sentry_communication/lib/python3.10/site-packages/sentry_communication/communication/__init__.py
/home/qkrt/qkrt-nav/src/install/sentry_communication/lib/python3.10/site-packages/sentry_communication/communication/CRC.py
/home/qkrt/qkrt-nav/src/install/sentry_communication/lib/python3.10/site-packages/sentry_communication/communication/Message.py
/home/qkrt/qkrt-nav/src/install/sentry_communication/lib/python3.10/site-packages/sentry_communication/communication/Serial.py
/home/qkrt/qkrt-nav/src/install/sentry_communication/lib/python3.10/site-packages/sentry_communication/communication/Receive.py
/home/qkrt/qkrt-nav/src/install/sentry_communication/lib/python3.10/site-packages/sentry_communication/__pycache__/mcb_message.cpython-310.pyc
/home/qkrt/qkrt-nav/src/install/sentry_communication/lib/python3.10/site-packages/sentry_communication/__pycache__/__init__.cpython-310.pyc
/home/qkrt/qkrt-nav/src/install/sentry_communication/lib/python3.10/site-packages/sentry_communication/__pycache__/event_driven.cpython-310.pyc
/home/qkrt/qkrt-nav/src/install/sentry_communication/lib/python3.10/site-packages/sentry_communication/__pycache__/comm_hub.cpython-310.pyc
/home/qkrt/qkrt-nav/src/install/sentry_communication/lib/python3.10/site-packages/sentry_communication/__pycache__/async_io.cpython-310.pyc
/home/qkrt/qkrt-nav/src/install/sentry_communication/lib/python3.10/site-packages/sentry_communication/__pycache__/threaded_blocking_read.cpython-310.pyc
/home/qkrt/qkrt-nav/src/install/sentry_communication/lib/python3.10/site-packages/sentry_communication/communication/__pycache__/__init__.cpython-310.pyc
/home/qkrt/qkrt-nav/src/install/sentry_communication/lib/python3.10/site-packages/sentry_communication/communication/__pycache__/CRC.cpython-310.pyc
/home/qkrt/qkrt-nav/src/install/sentry_communication/lib/python3.10/site-packages/sentry_communication/communication/__pycache__/Message.cpython-310.pyc
/home/qkrt/qkrt-nav/src/install/sentry_communication/lib/python3.10/site-packages/sentry_communication/communication/__pycache__/Serial.cpython-310.pyc
/home/qkrt/qkrt-nav/src/install/sentry_communication/lib/python3.10/site-packages/sentry_communication/communication/__pycache__/Receive.cpython-310.pyc
/home/qkrt/qkrt-nav/src/install/sentry_communication/share/ament_index/resource_index/packages/sentry_communication
/home/qkrt/qkrt-nav/src/install/sentry_communication/share/sentry_communication/package.xml
/home/qkrt/qkrt-nav/src/install/sentry_communication/lib/python3.10/site-packages/sentry_communication-0.0.0-py3.10.egg-info/zip-safe
/home/qkrt/qkrt-nav/src/install/sentry_communication/lib/python3.10/site-packages/sentry_communication-0.0.0-py3.10.egg-info/SOURCES.txt
/home/qkrt/qkrt-nav/src/install/sentry_communication/lib/python3.10/site-packages/sentry_communication-0.0.0-py3.10.egg-info/dependency_links.txt
/home/qkrt/qkrt-nav/src/install/sentry_communication/lib/python3.10/site-packages/sentry_communication-0.0.0-py3.10.egg-info/entry_points.txt
/home/qkrt/qkrt-nav/src/install/sentry_communication/lib/python3.10/site-packages/sentry_communication-0.0.0-py3.10.egg-info/PKG-INFO
/home/qkrt/qkrt-nav/src/install/sentry_communication/lib/python3.10/site-packages/sentry_communication-0.0.0-py3.10.egg-info/top_level.txt
/home/qkrt/qkrt-nav/src/install/sentry_communication/lib/python3.10/site-packages/sentry_communication-0.0.0-py3.10.egg-info/requires.txt
/home/qkrt/qkrt-nav/src/install/sentry_communication/lib/sentry_communication/comm_hub
/home/qkrt/qkrt-nav/src/install/sentry_communication/lib/sentry_communication/threaded_blocking
