[0.073s] Invoking command in '/home/qkrt/qkrt-nav/src/build/sentry_description': CMAKE_PREFIX_PATH=/opt/ros/humble /usr/bin/cmake /home/qkrt/qkrt-nav/src/sentry_description -DCMAKE_INSTALL_PREFIX=/home/qkrt/qkrt-nav/src/install/sentry_description
[1.305s] -- The C compiler identification is GNU 11.4.0
[1.305s] -- The CXX compiler identification is GNU 11.4.0
[1.305s] -- Detecting C compiler ABI info
[1.500s] -- Detecting C compiler ABI info - done
[1.545s] -- Check for working C compiler: /usr/bin/cc - skipped
[1.545s] -- Detecting C compile features
[1.548s] -- Detecting C compile features - done
[1.563s] -- Detecting CXX compiler ABI info
[1.792s] -- Detecting CXX compiler ABI info - done
[1.819s] -- Check for working CXX compiler: /usr/bin/c++ - skipped
[1.820s] -- Detecting CXX compile features
[1.821s] -- Detecting CXX compile features - done
[1.827s] -- Found ament_cmake: 1.3.14 (/opt/ros/humble/share/ament_cmake/cmake)
[2.376s] -- Found Python3: /usr/bin/python3 (found version "3.10.12") found components: Interpreter 
[2.740s] -- Configuring done
[2.747s] -- Generating done
[2.751s] -- Build files have been written to: /home/qkrt/qkrt-nav/src/build/sentry_description
[2.763s] Invoked command in '/home/qkrt/qkrt-nav/src/build/sentry_description' returned '0': CMAKE_PREFIX_PATH=/opt/ros/humble /usr/bin/cmake /home/qkrt/qkrt-nav/src/sentry_description -DCMAKE_INSTALL_PREFIX=/home/qkrt/qkrt-nav/src/install/sentry_description
[2.767s] Invoking command in '/home/qkrt/qkrt-nav/src/build/sentry_description': CMAKE_PREFIX_PATH=/opt/ros/humble /usr/bin/cmake --build /home/qkrt/qkrt-nav/src/build/sentry_description -- -j6 -l6
[2.849s] Invoked command in '/home/qkrt/qkrt-nav/src/build/sentry_description' returned '0': CMAKE_PREFIX_PATH=/opt/ros/humble /usr/bin/cmake --build /home/qkrt/qkrt-nav/src/build/sentry_description -- -j6 -l6
[2.869s] Invoking command in '/home/qkrt/qkrt-nav/src/build/sentry_description': CMAKE_PREFIX_PATH=/opt/ros/humble /usr/bin/cmake --install /home/qkrt/qkrt-nav/src/build/sentry_description
[2.883s] -- Install configuration: ""
[2.883s] -- Installing: /home/qkrt/qkrt-nav/src/install/sentry_description/share/sentry_description//launch
[2.885s] -- Installing: /home/qkrt/qkrt-nav/src/install/sentry_description/share/sentry_description//launch/display_rviz.launch.py
[2.887s] -- Installing: /home/qkrt/qkrt-nav/src/install/sentry_description/share/sentry_description//launch/display.launch.py
[2.892s] -- Installing: /home/qkrt/qkrt-nav/src/install/sentry_description/share/sentry_description//launch/gazebo.launch.py
[2.893s] -- Installing: /home/qkrt/qkrt-nav/src/install/sentry_description/share/sentry_description//meshes
[2.893s] -- Installing: /home/qkrt/qkrt-nav/src/install/sentry_description/share/sentry_description//meshes/2026_ARC_3v3.stl
[3.003s] -- Installing: /home/qkrt/qkrt-nav/src/install/sentry_description/share/sentry_description//meshes/2026_ARC_3v3_simplified.stl
[3.005s] -- Installing: /home/qkrt/qkrt-nav/src/install/sentry_description/share/sentry_description//urdf
[3.005s] -- Installing: /home/qkrt/qkrt-nav/src/install/sentry_description/share/sentry_description//urdf/sentry_description.urdf.xacro
[3.005s] -- Installing: /home/qkrt/qkrt-nav/src/install/sentry_description/share/sentry_description//urdf/robot_onshapetourdf.urdf.xacro
[3.013s] -- Installing: /home/qkrt/qkrt-nav/src/install/sentry_description/share/sentry_description//worlds
[3.014s] -- Installing: /home/qkrt/qkrt-nav/src/install/sentry_description/share/sentry_description//worlds/my_world_prev.sdf
[3.015s] -- Installing: /home/qkrt/qkrt-nav/src/install/sentry_description/share/sentry_description//worlds/my_world.sdf
[3.032s] -- Installing: /home/qkrt/qkrt-nav/src/install/sentry_description/share/sentry_description//worlds/comp_map.sdf
[3.036s] -- Installing: /home/qkrt/qkrt-nav/src/install/sentry_description/share/sentry_description//rviz
[3.036s] -- Installing: /home/qkrt/qkrt-nav/src/install/sentry_description/share/sentry_description//rviz/sentry_config.rviz
[3.042s] -- Installing: /home/qkrt/qkrt-nav/src/install/sentry_description/share/sentry_description//rviz/display_config.rviz
[3.043s] -- Installing: /home/qkrt/qkrt-nav/src/install/sentry_description/share/ament_index/resource_index/package_run_dependencies/sentry_description
[3.043s] -- Installing: /home/qkrt/qkrt-nav/src/install/sentry_description/share/ament_index/resource_index/parent_prefix_path/sentry_description
[3.044s] -- Installing: /home/qkrt/qkrt-nav/src/install/sentry_description/share/sentry_description/environment/ament_prefix_path.sh
[3.044s] -- Installing: /home/qkrt/qkrt-nav/src/install/sentry_description/share/sentry_description/environment/ament_prefix_path.dsv
[3.045s] -- Installing: /home/qkrt/qkrt-nav/src/install/sentry_description/share/sentry_description/environment/path.sh
[3.046s] -- Installing: /home/qkrt/qkrt-nav/src/install/sentry_description/share/sentry_description/environment/path.dsv
[3.046s] -- Installing: /home/qkrt/qkrt-nav/src/install/sentry_description/share/sentry_description/local_setup.bash
[3.047s] -- Installing: /home/qkrt/qkrt-nav/src/install/sentry_description/share/sentry_description/local_setup.sh
[3.052s] -- Installing: /home/qkrt/qkrt-nav/src/install/sentry_description/share/sentry_description/local_setup.zsh
[3.053s] -- Installing: /home/qkrt/qkrt-nav/src/install/sentry_description/share/sentry_description/local_setup.dsv
[3.053s] -- Installing: /home/qkrt/qkrt-nav/src/install/sentry_description/share/sentry_description/package.dsv
[3.054s] -- Installing: /home/qkrt/qkrt-nav/src/install/sentry_description/share/ament_index/resource_index/packages/sentry_description
[3.054s] -- Installing: /home/qkrt/qkrt-nav/src/install/sentry_description/share/sentry_description/cmake/sentry_descriptionConfig.cmake
[3.055s] -- Installing: /home/qkrt/qkrt-nav/src/install/sentry_description/share/sentry_description/cmake/sentry_descriptionConfig-version.cmake
[3.057s] -- Installing: /home/qkrt/qkrt-nav/src/install/sentry_description/share/sentry_description/package.xml
[3.127s] Invoked command in '/home/qkrt/qkrt-nav/src/build/sentry_description' returned '0': CMAKE_PREFIX_PATH=/opt/ros/humble /usr/bin/cmake --install /home/qkrt/qkrt-nav/src/build/sentry_description
