[0.067s] Invoking command in '/home/qkrt/qkrt-nav/src/build/ldlidar_ros2': CMAKE_PREFIX_PATH=/opt/ros/humble /usr/bin/cmake /home/qkrt/qkrt-nav/src/ldlidar_ros2 -DCMAKE_INSTALL_PREFIX=/home/qkrt/qkrt-nav/src/install/ldlidar_ros2
[1.288s] -- The C compiler identification is GNU 11.4.0
[1.288s] -- The CXX compiler identification is GNU 11.4.0
[1.288s] -- Detecting C compiler ABI info
[1.288s] -- Detecting C compiler ABI info - done
[1.289s] -- Check for working C compiler: /usr/bin/cc - skipped
[1.289s] -- Detecting C compile features
[1.289s] -- Detecting C compile features - done
[1.289s] -- Detecting CXX compiler ABI info
[1.615s] -- Detecting CXX compiler ABI info - done
[1.629s] -- Check for working CXX compiler: /usr/bin/c++ - skipped
[1.630s] -- Detecting CXX compile features
[1.632s] -- Detecting CXX compile features - done
[1.638s] -- Found ament_cmake: 1.3.14 (/opt/ros/humble/share/ament_cmake/cmake)
[2.209s] -- Found Python3: /usr/bin/python3 (found version "3.10.12") found components: Interpreter 
[2.413s] -- Found rclcpp: 16.0.19 (/opt/ros/humble/share/rclcpp/cmake)
[2.494s] -- Found rosidl_generator_c: 3.1.8 (/opt/ros/humble/share/rosidl_generator_c/cmake)
[2.504s] -- Found rosidl_adapter: 3.1.8 (/opt/ros/humble/share/rosidl_adapter/cmake)
[2.525s] -- Found rosidl_generator_cpp: 3.1.8 (/opt/ros/humble/share/rosidl_generator_cpp/cmake)
[2.553s] -- Using all available rosidl_typesupport_c: rosidl_typesupport_fastrtps_c;rosidl_typesupport_introspection_c
[2.587s] -- Using all available rosidl_typesupport_cpp: rosidl_typesupport_fastrtps_cpp;rosidl_typesupport_introspection_cpp
[2.673s] -- Found rmw_implementation_cmake: 6.1.2 (/opt/ros/humble/share/rmw_implementation_cmake/cmake)
[2.678s] -- Found rmw_fastrtps_cpp: 6.2.10 (/opt/ros/humble/share/rmw_fastrtps_cpp/cmake)
[2.916s] -- Found OpenSSL: /usr/lib/aarch64-linux-gnu/libcrypto.so (found version "3.0.2")  
[3.022s] -- Found FastRTPS: /opt/ros/humble/include  
[3.091s] -- Using RMW implementation 'rmw_fastrtps_cpp' as default
[3.108s] -- Looking for pthread.h
[3.258s] -- Looking for pthread.h - found
[3.258s] -- Performing Test CMAKE_HAVE_LIBC_PTHREAD
[3.405s] -- Performing Test CMAKE_HAVE_LIBC_PTHREAD - Success
[3.407s] -- Found Threads: TRUE  
[3.515s] -- Found sensor_msgs: 4.9.1 (/opt/ros/humble/share/sensor_msgs/cmake)
[3.582s] -- Found ament_lint_auto: 0.12.15 (/opt/ros/humble/share/ament_lint_auto/cmake)
[3.755s] -- operation system is Linux-5.15.148-tegra
[3.755s] -- current platform: Linux 
[3.763s] -- Added test 'copyright' to check source files copyright and LICENSE
[3.778s] -- Added test 'cppcheck' to perform static code analysis on C / C++ code
[3.778s] -- Configured cppcheck include dirs: /home/qkrt/qkrt-nav/src/ldlidar_ros2/include;/home/qkrt/qkrt-nav/src/ldlidar_ros2/sdk/include
[3.778s] -- Configured cppcheck exclude dirs and/or files: 
[3.792s] -- Added test 'cpplint' to check C / C++ code against the Google style
[3.793s] -- Configured cpplint exclude dirs and/or files: 
[3.795s] -- Added test 'flake8' to check Python code syntax and style conventions
[3.799s] -- Added test 'lint_cmake' to check CMake code style
[3.802s] -- Added test 'pep257' to check Python code against some of the docstring style conventions in PEP 257
[3.815s] -- Added test 'uncrustify' to check C / C++ code style
[3.815s] -- Configured uncrustify additional arguments: 
[3.818s] -- Added test 'xmllint' to check XML markup files
[3.821s] -- Configuring done
[3.850s] -- Generating done
[3.860s] -- Build files have been written to: /home/qkrt/qkrt-nav/src/build/ldlidar_ros2
[3.889s] Invoked command in '/home/qkrt/qkrt-nav/src/build/ldlidar_ros2' returned '0': CMAKE_PREFIX_PATH=/opt/ros/humble /usr/bin/cmake /home/qkrt/qkrt-nav/src/ldlidar_ros2 -DCMAKE_INSTALL_PREFIX=/home/qkrt/qkrt-nav/src/install/ldlidar_ros2
[3.890s] Invoking command in '/home/qkrt/qkrt-nav/src/build/ldlidar_ros2': CMAKE_PREFIX_PATH=/opt/ros/humble /usr/bin/cmake --build /home/qkrt/qkrt-nav/src/build/ldlidar_ros2 -- -j6 -l6
[3.982s] [  7%] [32mBuilding CXX object sdk/CMakeFiles/ldlidar_driver.dir/src/ldlidar_driver.cpp.o[0m
[4.951s] [ 15%] [32mBuilding CXX object sdk/CMakeFiles/ldlidar_driver.dir/src/network_socket_interface_linux.cpp.o[0m
[7.042s] [ 23%] [32mBuilding CXX object sdk/CMakeFiles/ldlidar_driver.dir/src/serial_interface_linux.cpp.o[0m
[7.993s] [ 30%] [32mBuilding CXX object sdk/CMakeFiles/ldlidar_driver.dir/src/sl_transform.cpp.o[0m
[8.764s] [ 38%] [32mBuilding CXX object sdk/CMakeFiles/ldlidar_driver.dir/src/slbf.cpp.o[0m
[9.836s] [ 46%] [32mBuilding CXX object sdk/CMakeFiles/ldlidar_driver.dir/src/tofbf.cpp.o[0m
[10.907s] [ 53%] [32mBuilding CXX object sdk/CMakeFiles/ldlidar_driver.dir/src/log_module.cpp.o[0m
[11.395s] [ 61%] [32mBuilding CXX object sdk/CMakeFiles/ldlidar_driver.dir/src/ldlidar_protocol.cpp.o[0m
[11.470s] [ 69%] [32mBuilding CXX object sdk/CMakeFiles/ldlidar_driver.dir/src/ldlidar_dataprocess.cpp.o[0m
[12.662s] [ 76%] [32mBuilding CXX object sdk/CMakeFiles/ldlidar_driver.dir/src/ldlidar_driver_linux.cpp.o[0m
[13.954s] [ 84%] [32m[1mLinking CXX static library libldlidar_driver.a[0m
[14.062s] [ 84%] Built target ldlidar_driver
[14.101s] [ 92%] [32mBuilding CXX object CMakeFiles/ldlidar_ros2_node.dir/src/demo.cpp.o[0m
[24.939s] [100%] [32m[1mLinking CXX executable ldlidar_ros2_node[0m
[25.443s] [100%] Built target ldlidar_ros2_node
[25.469s] Invoked command in '/home/qkrt/qkrt-nav/src/build/ldlidar_ros2' returned '0': CMAKE_PREFIX_PATH=/opt/ros/humble /usr/bin/cmake --build /home/qkrt/qkrt-nav/src/build/ldlidar_ros2 -- -j6 -l6
[25.473s] Invoking command in '/home/qkrt/qkrt-nav/src/build/ldlidar_ros2': CMAKE_PREFIX_PATH=/opt/ros/humble /usr/bin/cmake --install /home/qkrt/qkrt-nav/src/build/ldlidar_ros2
[25.497s] -- Install configuration: ""
[25.497s] -- Installing: /home/qkrt/qkrt-nav/src/install/ldlidar_ros2/lib/ldlidar_ros2/ldlidar_ros2_node
[25.502s] -- Set runtime path of "/home/qkrt/qkrt-nav/src/install/ldlidar_ros2/lib/ldlidar_ros2/ldlidar_ros2_node" to ""
[25.502s] -- Installing: /home/qkrt/qkrt-nav/src/install/ldlidar_ros2/share/ldlidar_ros2//launch
[25.503s] -- Installing: /home/qkrt/qkrt-nav/src/install/ldlidar_ros2/share/ldlidar_ros2//launch/ld06.launch.py
[25.503s] -- Installing: /home/qkrt/qkrt-nav/src/install/ldlidar_ros2/share/ldlidar_ros2//launch/viewer_ld14.launch.py
[25.504s] -- Installing: /home/qkrt/qkrt-nav/src/install/ldlidar_ros2/share/ldlidar_ros2//launch/ld14.launch.py
[25.504s] -- Installing: /home/qkrt/qkrt-nav/src/install/ldlidar_ros2/share/ldlidar_ros2//launch/ld14p.launch.py
[25.504s] -- Installing: /home/qkrt/qkrt-nav/src/install/ldlidar_ros2/share/ldlidar_ros2//launch/ld19.launch.py
[25.504s] -- Installing: /home/qkrt/qkrt-nav/src/install/ldlidar_ros2/share/ldlidar_ros2//launch/viewer_ld14p.launch.py
[25.504s] -- Installing: /home/qkrt/qkrt-nav/src/install/ldlidar_ros2/share/ldlidar_ros2//launch/viewer_ld06.launch.py
[25.504s] -- Installing: /home/qkrt/qkrt-nav/src/install/ldlidar_ros2/share/ldlidar_ros2//launch/viewer_ld19.launch.py
[25.505s] -- Installing: /home/qkrt/qkrt-nav/src/install/ldlidar_ros2/share/ldlidar_ros2//rviz2
[25.505s] -- Installing: /home/qkrt/qkrt-nav/src/install/ldlidar_ros2/share/ldlidar_ros2//rviz2/ldlidar.rviz
[25.505s] -- Installing: /home/qkrt/qkrt-nav/src/install/ldlidar_ros2/share/ldlidar_ros2//scripts
[25.505s] -- Installing: /home/qkrt/qkrt-nav/src/install/ldlidar_ros2/share/ldlidar_ros2//scripts/ldlidar.rules
[25.505s] -- Installing: /home/qkrt/qkrt-nav/src/install/ldlidar_ros2/share/ldlidar_ros2//scripts/delete_udev_rules.sh
[25.505s] -- Installing: /home/qkrt/qkrt-nav/src/install/ldlidar_ros2/share/ldlidar_ros2//scripts/create_udev_rules.sh
[25.506s] -- Installing: /home/qkrt/qkrt-nav/src/install/ldlidar_ros2/share/ament_index/resource_index/package_run_dependencies/ldlidar_ros2
[25.506s] -- Installing: /home/qkrt/qkrt-nav/src/install/ldlidar_ros2/share/ament_index/resource_index/parent_prefix_path/ldlidar_ros2
[25.506s] -- Installing: /home/qkrt/qkrt-nav/src/install/ldlidar_ros2/share/ldlidar_ros2/environment/ament_prefix_path.sh
[25.507s] -- Installing: /home/qkrt/qkrt-nav/src/install/ldlidar_ros2/share/ldlidar_ros2/environment/ament_prefix_path.dsv
[25.507s] -- Installing: /home/qkrt/qkrt-nav/src/install/ldlidar_ros2/share/ldlidar_ros2/environment/path.sh
[25.507s] -- Installing: /home/qkrt/qkrt-nav/src/install/ldlidar_ros2/share/ldlidar_ros2/environment/path.dsv
[25.507s] -- Installing: /home/qkrt/qkrt-nav/src/install/ldlidar_ros2/share/ldlidar_ros2/local_setup.bash
[25.508s] -- Installing: /home/qkrt/qkrt-nav/src/install/ldlidar_ros2/share/ldlidar_ros2/local_setup.sh
[25.508s] -- Installing: /home/qkrt/qkrt-nav/src/install/ldlidar_ros2/share/ldlidar_ros2/local_setup.zsh
[25.508s] -- Installing: /home/qkrt/qkrt-nav/src/install/ldlidar_ros2/share/ldlidar_ros2/local_setup.dsv
[25.508s] -- Installing: /home/qkrt/qkrt-nav/src/install/ldlidar_ros2/share/ldlidar_ros2/package.dsv
[25.509s] -- Installing: /home/qkrt/qkrt-nav/src/install/ldlidar_ros2/share/ament_index/resource_index/packages/ldlidar_ros2
[25.509s] -- Installing: /home/qkrt/qkrt-nav/src/install/ldlidar_ros2/share/ldlidar_ros2/cmake/ldlidar_ros2Config.cmake
[25.509s] -- Installing: /home/qkrt/qkrt-nav/src/install/ldlidar_ros2/share/ldlidar_ros2/cmake/ldlidar_ros2Config-version.cmake
[25.510s] -- Installing: /home/qkrt/qkrt-nav/src/install/ldlidar_ros2/share/ldlidar_ros2/package.xml
[25.516s] Invoked command in '/home/qkrt/qkrt-nav/src/build/ldlidar_ros2' returned '0': CMAKE_PREFIX_PATH=/opt/ros/humble /usr/bin/cmake --install /home/qkrt/qkrt-nav/src/build/ldlidar_ros2
