[0.068s] Invoking command in '/home/qkrt/qkrt-nav/src/build/sentry_localization': CMAKE_PREFIX_PATH=/opt/ros/humble /usr/bin/cmake /home/qkrt/qkrt-nav/src/sentry_localization -DCMAKE_INSTALL_PREFIX=/home/qkrt/qkrt-nav/src/install/sentry_localization
[1.299s] -- The C compiler identification is GNU 11.4.0
[1.299s] -- The CXX compiler identification is GNU 11.4.0
[1.299s] -- Detecting C compiler ABI info
[1.431s] -- Detecting C compiler ABI info - done
[1.466s] -- Check for working C compiler: /usr/bin/cc - skipped
[1.468s] -- Detecting C compile features
[1.469s] -- Detecting C compile features - done
[1.491s] -- Detecting CXX compiler ABI info
[1.858s] -- Detecting CXX compiler ABI info - done
[1.903s] -- Check for working CXX compiler: /usr/bin/c++ - skipped
[1.903s] -- Detecting CXX compile features
[1.905s] -- Detecting CXX compile features - done
[1.912s] -- Found ament_cmake: 1.3.14 (/opt/ros/humble/share/ament_cmake/cmake)
[2.354s] -- Found Python3: /usr/bin/python3 (found version "3.10.12") found components: Interpreter 
[2.770s] -- Configuring done
[2.794s] -- Generating done
[2.807s] -- Build files have been written to: /home/qkrt/qkrt-nav/src/build/sentry_localization
[2.823s] Invoked command in '/home/qkrt/qkrt-nav/src/build/sentry_localization' returned '0': CMAKE_PREFIX_PATH=/opt/ros/humble /usr/bin/cmake /home/qkrt/qkrt-nav/src/sentry_localization -DCMAKE_INSTALL_PREFIX=/home/qkrt/qkrt-nav/src/install/sentry_localization
[2.824s] Invoking command in '/home/qkrt/qkrt-nav/src/build/sentry_localization': CMAKE_PREFIX_PATH=/opt/ros/humble /usr/bin/cmake --build /home/qkrt/qkrt-nav/src/build/sentry_localization -- -j6 -l6
[2.959s] Invoked command in '/home/qkrt/qkrt-nav/src/build/sentry_localization' returned '0': CMAKE_PREFIX_PATH=/opt/ros/humble /usr/bin/cmake --build /home/qkrt/qkrt-nav/src/build/sentry_localization -- -j6 -l6
[2.960s] Invoking command in '/home/qkrt/qkrt-nav/src/build/sentry_localization': CMAKE_PREFIX_PATH=/opt/ros/humble /usr/bin/cmake --install /home/qkrt/qkrt-nav/src/build/sentry_localization
[2.990s] -- Install configuration: ""
[2.990s] -- Installing: /home/qkrt/qkrt-nav/src/install/sentry_localization/lib/sentry_localization/sim_comm_hub_bridge.py
[2.990s] -- Installing: /home/qkrt/qkrt-nav/src/install/sentry_localization/lib/sentry_localization/imu_turret_compensator.py
[2.990s] -- Installing: /home/qkrt/qkrt-nav/src/install/sentry_localization/lib/sentry_localization/generate_keepout_from_sdf.py
[2.991s] -- Installing: /home/qkrt/qkrt-nav/src/install/sentry_localization/lib/sentry_localization/turret_joint_state_publisher.py
[2.991s] -- Installing: /home/qkrt/qkrt-nav/src/install/sentry_localization/share/sentry_localization//config
[2.991s] -- Installing: /home/qkrt/qkrt-nav/src/install/sentry_localization/share/sentry_localization//config/slam_toolbox.yaml
[2.991s] -- Installing: /home/qkrt/qkrt-nav/src/install/sentry_localization/share/sentry_localization//config/ekf.yaml
[2.991s] -- Installing: /home/qkrt/qkrt-nav/src/install/sentry_localization/share/sentry_localization//config/amcl.yaml
[2.992s] -- Installing: /home/qkrt/qkrt-nav/src/install/sentry_localization/share/sentry_localization//maps
[2.992s] -- Installing: /home/qkrt/qkrt-nav/src/install/sentry_localization/share/sentry_localization//maps/sim_map_2.yaml
[2.992s] -- Installing: /home/qkrt/qkrt-nav/src/install/sentry_localization/share/sentry_localization//maps/sim_map_2.pgm
[2.992s] -- Installing: /home/qkrt/qkrt-nav/src/install/sentry_localization/share/sentry_localization//maps/ramp_cost_mask.yaml
[2.992s] -- Installing: /home/qkrt/qkrt-nav/src/install/sentry_localization/share/sentry_localization//maps/assets
[2.992s] -- Installing: /home/qkrt/qkrt-nav/src/install/sentry_localization/share/sentry_localization//maps/assets/ramp_cost_mask.pgm
[2.992s] -- Installing: /home/qkrt/qkrt-nav/src/install/sentry_localization/share/sentry_localization//maps/assets/OccupancyGrid2.png
[2.993s] -- Installing: /home/qkrt/qkrt-nav/src/install/sentry_localization/share/sentry_localization//maps/assets/OccupancyGrid.png
[2.993s] -- Installing: /home/qkrt/qkrt-nav/src/install/sentry_localization/share/sentry_localization//maps/assets/keepout_mask_from_sdf.pgm
[2.993s] -- Installing: /home/qkrt/qkrt-nav/src/install/sentry_localization/share/sentry_localization//maps/assets/keepout_mask.png
[2.993s] -- Installing: /home/qkrt/qkrt-nav/src/install/sentry_localization/share/sentry_localization//maps/keepout_mask_from_sdf.yaml
[2.993s] -- Installing: /home/qkrt/qkrt-nav/src/install/sentry_localization/share/sentry_localization//maps/sim_map.yaml
[2.993s] -- Installing: /home/qkrt/qkrt-nav/src/install/sentry_localization/share/sentry_localization//maps/sim_map.pgm
[2.994s] -- Installing: /home/qkrt/qkrt-nav/src/install/sentry_localization/share/sentry_localization//maps/keepout_mask.yaml
[2.994s] -- Installing: /home/qkrt/qkrt-nav/src/install/sentry_localization/share/sentry_localization//maps/sentry_map.yaml
[2.994s] -- Installing: /home/qkrt/qkrt-nav/src/install/sentry_localization/share/sentry_localization//launch
[2.994s] -- Installing: /home/qkrt/qkrt-nav/src/install/sentry_localization/share/sentry_localization//launch/global_localization.launch.py
[2.994s] -- Installing: /home/qkrt/qkrt-nav/src/install/sentry_localization/share/sentry_localization//launch/local_localization.launch.py
[2.994s] -- Installing: /home/qkrt/qkrt-nav/src/install/sentry_localization/share/ament_index/resource_index/package_run_dependencies/sentry_localization
[2.995s] -- Installing: /home/qkrt/qkrt-nav/src/install/sentry_localization/share/ament_index/resource_index/parent_prefix_path/sentry_localization
[2.995s] -- Installing: /home/qkrt/qkrt-nav/src/install/sentry_localization/share/sentry_localization/environment/ament_prefix_path.sh
[2.995s] -- Installing: /home/qkrt/qkrt-nav/src/install/sentry_localization/share/sentry_localization/environment/ament_prefix_path.dsv
[2.995s] -- Installing: /home/qkrt/qkrt-nav/src/install/sentry_localization/share/sentry_localization/environment/path.sh
[2.995s] -- Installing: /home/qkrt/qkrt-nav/src/install/sentry_localization/share/sentry_localization/environment/path.dsv
[2.996s] -- Installing: /home/qkrt/qkrt-nav/src/install/sentry_localization/share/sentry_localization/local_setup.bash
[2.996s] -- Installing: /home/qkrt/qkrt-nav/src/install/sentry_localization/share/sentry_localization/local_setup.sh
[2.996s] -- Installing: /home/qkrt/qkrt-nav/src/install/sentry_localization/share/sentry_localization/local_setup.zsh
[2.996s] -- Installing: /home/qkrt/qkrt-nav/src/install/sentry_localization/share/sentry_localization/local_setup.dsv
[2.996s] -- Installing: /home/qkrt/qkrt-nav/src/install/sentry_localization/share/sentry_localization/package.dsv
[2.996s] -- Installing: /home/qkrt/qkrt-nav/src/install/sentry_localization/share/ament_index/resource_index/packages/sentry_localization
[2.996s] -- Installing: /home/qkrt/qkrt-nav/src/install/sentry_localization/share/sentry_localization/cmake/sentry_localizationConfig.cmake
[2.997s] -- Installing: /home/qkrt/qkrt-nav/src/install/sentry_localization/share/sentry_localization/cmake/sentry_localizationConfig-version.cmake
[2.997s] -- Installing: /home/qkrt/qkrt-nav/src/install/sentry_localization/share/sentry_localization/package.xml
[3.017s] Invoked command in '/home/qkrt/qkrt-nav/src/build/sentry_localization' returned '0': CMAKE_PREFIX_PATH=/opt/ros/humble /usr/bin/cmake --install /home/qkrt/qkrt-nav/src/build/sentry_localization
