[0.036s] Invoking command in '/home/qkrt/qkrt-nav/src/build/sentry_bringup': AMENT_PREFIX_PATH=/home/qkrt/qkrt-nav/src/install/sentry_navigation:/home/qkrt/qkrt-nav/src/install/sentry_localization:/home/qkrt/qkrt-nav/src/install/sentry_description:${AMENT_PREFIX_PATH} CMAKE_PREFIX_PATH=/home/qkrt/qkrt-nav/src/install/sentry_navigation:/home/qkrt/qkrt-nav/src/install/sentry_localization:/home/qkrt/qkrt-nav/src/install/sentry_description:/opt/ros/humble /usr/bin/cmake /home/qkrt/qkrt-nav/src/sentry_bringup -DCMAKE_INSTALL_PREFIX=/home/qkrt/qkrt-nav/src/install/sentry_bringup
[0.146s] -- The C compiler identification is GNU 11.4.0
[0.252s] -- The CXX compiler identification is GNU 11.4.0
[0.274s] -- Detecting C compiler ABI info
[0.405s] -- Detecting C compiler ABI info - done
[0.422s] -- Check for working C compiler: /usr/bin/cc - skipped
[0.423s] -- Detecting C compile features
[0.423s] -- Detecting C compile features - done
[0.429s] -- Detecting CXX compiler ABI info
[0.594s] -- Detecting CXX compiler ABI info - done
[0.607s] -- Check for working CXX compiler: /usr/bin/c++ - skipped
[0.607s] -- Detecting CXX compile features
[0.608s] -- Detecting CXX compile features - done
[0.613s] -- Found ament_cmake: 1.3.14 (/opt/ros/humble/share/ament_cmake/cmake)
[0.935s] -- Found Python3: /usr/bin/python3 (found version "3.10.12") found components: Interpreter 
[1.281s] -- Configuring done
[1.288s] -- Generating done
[1.293s] -- Build files have been written to: /home/qkrt/qkrt-nav/src/build/sentry_bringup
[1.311s] Invoked command in '/home/qkrt/qkrt-nav/src/build/sentry_bringup' returned '0': AMENT_PREFIX_PATH=/home/qkrt/qkrt-nav/src/install/sentry_navigation:/home/qkrt/qkrt-nav/src/install/sentry_localization:/home/qkrt/qkrt-nav/src/install/sentry_description:${AMENT_PREFIX_PATH} CMAKE_PREFIX_PATH=/home/qkrt/qkrt-nav/src/install/sentry_navigation:/home/qkrt/qkrt-nav/src/install/sentry_localization:/home/qkrt/qkrt-nav/src/install/sentry_description:/opt/ros/humble /usr/bin/cmake /home/qkrt/qkrt-nav/src/sentry_bringup -DCMAKE_INSTALL_PREFIX=/home/qkrt/qkrt-nav/src/install/sentry_bringup
[1.314s] Invoking command in '/home/qkrt/qkrt-nav/src/build/sentry_bringup': AMENT_PREFIX_PATH=/home/qkrt/qkrt-nav/src/install/sentry_navigation:/home/qkrt/qkrt-nav/src/install/sentry_localization:/home/qkrt/qkrt-nav/src/install/sentry_description:${AMENT_PREFIX_PATH} CMAKE_PREFIX_PATH=/home/qkrt/qkrt-nav/src/install/sentry_navigation:/home/qkrt/qkrt-nav/src/install/sentry_localization:/home/qkrt/qkrt-nav/src/install/sentry_description:/opt/ros/humble /usr/bin/cmake --build /home/qkrt/qkrt-nav/src/build/sentry_bringup -- -j6 -l6
[1.483s] Invoked command in '/home/qkrt/qkrt-nav/src/build/sentry_bringup' returned '0': AMENT_PREFIX_PATH=/home/qkrt/qkrt-nav/src/install/sentry_navigation:/home/qkrt/qkrt-nav/src/install/sentry_localization:/home/qkrt/qkrt-nav/src/install/sentry_description:${AMENT_PREFIX_PATH} CMAKE_PREFIX_PATH=/home/qkrt/qkrt-nav/src/install/sentry_navigation:/home/qkrt/qkrt-nav/src/install/sentry_localization:/home/qkrt/qkrt-nav/src/install/sentry_description:/opt/ros/humble /usr/bin/cmake --build /home/qkrt/qkrt-nav/src/build/sentry_bringup -- -j6 -l6
[1.484s] Invoking command in '/home/qkrt/qkrt-nav/src/build/sentry_bringup': AMENT_PREFIX_PATH=/home/qkrt/qkrt-nav/src/install/sentry_navigation:/home/qkrt/qkrt-nav/src/install/sentry_localization:/home/qkrt/qkrt-nav/src/install/sentry_description:${AMENT_PREFIX_PATH} CMAKE_PREFIX_PATH=/home/qkrt/qkrt-nav/src/install/sentry_navigation:/home/qkrt/qkrt-nav/src/install/sentry_localization:/home/qkrt/qkrt-nav/src/install/sentry_description:/opt/ros/humble /usr/bin/cmake --install /home/qkrt/qkrt-nav/src/build/sentry_bringup
[1.503s] -- Install configuration: ""
[1.504s] -- Installing: /home/qkrt/qkrt-nav/src/install/sentry_bringup/share/sentry_bringup//config
[1.504s] -- Installing: /home/qkrt/qkrt-nav/src/install/sentry_bringup/share/sentry_bringup//config/rplidar_a1_2.yaml
[1.505s] -- Installing: /home/qkrt/qkrt-nav/src/install/sentry_bringup/share/sentry_bringup//config/laser_merger.yaml
[1.505s] -- Installing: /home/qkrt/qkrt-nav/src/install/sentry_bringup/share/sentry_bringup//config/rplidar_a1_1.yaml
[1.506s] -- Installing: /home/qkrt/qkrt-nav/src/install/sentry_bringup/share/sentry_bringup//launch
[1.507s] -- Installing: /home/qkrt/qkrt-nav/src/install/sentry_bringup/share/sentry_bringup//launch/simulated_robot.launch.py
[1.508s] -- Installing: /home/qkrt/qkrt-nav/src/install/sentry_bringup/share/sentry_bringup//launch/real_robot.launch.py
[1.509s] -- Installing: /home/qkrt/qkrt-nav/src/install/sentry_bringup/share/sentry_bringup//launch/lidar.launch.py
[1.511s] -- Installing: /home/qkrt/qkrt-nav/src/install/sentry_bringup/lib/sentry_bringup/laser_merger.py
[1.512s] -- Installing: /home/qkrt/qkrt-nav/src/install/sentry_bringup/share/ament_index/resource_index/package_run_dependencies/sentry_bringup
[1.513s] -- Installing: /home/qkrt/qkrt-nav/src/install/sentry_bringup/share/ament_index/resource_index/parent_prefix_path/sentry_bringup
[1.515s] -- Installing: /home/qkrt/qkrt-nav/src/install/sentry_bringup/share/sentry_bringup/environment/ament_prefix_path.sh
[1.516s] -- Installing: /home/qkrt/qkrt-nav/src/install/sentry_bringup/share/sentry_bringup/environment/ament_prefix_path.dsv
[1.517s] -- Installing: /home/qkrt/qkrt-nav/src/install/sentry_bringup/share/sentry_bringup/environment/path.sh
[1.518s] -- Installing: /home/qkrt/qkrt-nav/src/install/sentry_bringup/share/sentry_bringup/environment/path.dsv
[1.519s] -- Installing: /home/qkrt/qkrt-nav/src/install/sentry_bringup/share/sentry_bringup/local_setup.bash
[1.520s] -- Installing: /home/qkrt/qkrt-nav/src/install/sentry_bringup/share/sentry_bringup/local_setup.sh
[1.521s] -- Installing: /home/qkrt/qkrt-nav/src/install/sentry_bringup/share/sentry_bringup/local_setup.zsh
[1.522s] -- Installing: /home/qkrt/qkrt-nav/src/install/sentry_bringup/share/sentry_bringup/local_setup.dsv
[1.523s] -- Installing: /home/qkrt/qkrt-nav/src/install/sentry_bringup/share/sentry_bringup/package.dsv
[1.524s] -- Installing: /home/qkrt/qkrt-nav/src/install/sentry_bringup/share/ament_index/resource_index/packages/sentry_bringup
[1.525s] -- Installing: /home/qkrt/qkrt-nav/src/install/sentry_bringup/share/sentry_bringup/cmake/sentry_bringupConfig.cmake
[1.525s] -- Installing: /home/qkrt/qkrt-nav/src/install/sentry_bringup/share/sentry_bringup/cmake/sentry_bringupConfig-version.cmake
[1.530s] -- Installing: /home/qkrt/qkrt-nav/src/install/sentry_bringup/share/sentry_bringup/package.xml
[1.542s] Invoked command in '/home/qkrt/qkrt-nav/src/build/sentry_bringup' returned '0': AMENT_PREFIX_PATH=/home/qkrt/qkrt-nav/src/install/sentry_navigation:/home/qkrt/qkrt-nav/src/install/sentry_localization:/home/qkrt/qkrt-nav/src/install/sentry_description:${AMENT_PREFIX_PATH} CMAKE_PREFIX_PATH=/home/qkrt/qkrt-nav/src/install/sentry_navigation:/home/qkrt/qkrt-nav/src/install/sentry_localization:/home/qkrt/qkrt-nav/src/install/sentry_description:/opt/ros/humble /usr/bin/cmake --install /home/qkrt/qkrt-nav/src/build/sentry_bringup
