running egg_info
creating ../build/sentry_communication/sentry_communication.egg-info
writing ../build/sentry_communication/sentry_communication.egg-info/PKG-INFO
writing dependency_links to ../build/sentry_communication/sentry_communication.egg-info/dependency_links.txt
writing entry points to ../build/sentry_communication/sentry_communication.egg-info/entry_points.txt
writing requirements to ../build/sentry_communication/sentry_communication.egg-info/requires.txt
writing top-level names to ../build/sentry_communication/sentry_communication.egg-info/top_level.txt
writing manifest file '../build/sentry_communication/sentry_communication.egg-info/SOURCES.txt'
reading manifest file '../build/sentry_communication/sentry_communication.egg-info/SOURCES.txt'
adding license file 'LICENSE'
writing manifest file '../build/sentry_communication/sentry_communication.egg-info/SOURCES.txt'
running build
running build_py
creating /home/qkrt/qkrt-nav/src/build/sentry_communication/build
creating /home/qkrt/qkrt-nav/src/build/sentry_communication/build/lib
creating /home/qkrt/qkrt-nav/src/build/sentry_communication/build/lib/sentry_communication
copying sentry_communication/mcb_message.py -> /home/qkrt/qkrt-nav/src/build/sentry_communication/build/lib/sentry_communication
copying sentry_communication/__init__.py -> /home/qkrt/qkrt-nav/src/build/sentry_communication/build/lib/sentry_communication
copying sentry_communication/event_driven.py -> /home/qkrt/qkrt-nav/src/build/sentry_communication/build/lib/sentry_communication
copying sentry_communication/comm_hub.py -> /home/qkrt/qkrt-nav/src/build/sentry_communication/build/lib/sentry_communication
copying sentry_communication/async_io.py -> /home/qkrt/qkrt-nav/src/build/sentry_communication/build/lib/sentry_communication
copying sentry_communication/threaded_blocking_read.py -> /home/qkrt/qkrt-nav/src/build/sentry_communication/build/lib/sentry_communication
creating /home/qkrt/qkrt-nav/src/build/sentry_communication/build/lib/sentry_communication/communication
copying sentry_communication/communication/__init__.py -> /home/qkrt/qkrt-nav/src/build/sentry_communication/build/lib/sentry_communication/communication
copying sentry_communication/communication/CRC.py -> /home/qkrt/qkrt-nav/src/build/sentry_communication/build/lib/sentry_communication/communication
copying sentry_communication/communication/Message.py -> /home/qkrt/qkrt-nav/src/build/sentry_communication/build/lib/sentry_communication/communication
copying sentry_communication/communication/Serial.py -> /home/qkrt/qkrt-nav/src/build/sentry_communication/build/lib/sentry_communication/communication
copying sentry_communication/communication/Receive.py -> /home/qkrt/qkrt-nav/src/build/sentry_communication/build/lib/sentry_communication/communication
running install
running install_lib
creating /home/qkrt/qkrt-nav/src/install/sentry_communication/lib/python3.10/site-packages/sentry_communication
copying /home/qkrt/qkrt-nav/src/build/sentry_communication/build/lib/sentry_communication/mcb_message.py -> /home/qkrt/qkrt-nav/src/install/sentry_communication/lib/python3.10/site-packages/sentry_communication
copying /home/qkrt/qkrt-nav/src/build/sentry_communication/build/lib/sentry_communication/__init__.py -> /home/qkrt/qkrt-nav/src/install/sentry_communication/lib/python3.10/site-packages/sentry_communication
copying /home/qkrt/qkrt-nav/src/build/sentry_communication/build/lib/sentry_communication/event_driven.py -> /home/qkrt/qkrt-nav/src/install/sentry_communication/lib/python3.10/site-packages/sentry_communication
copying /home/qkrt/qkrt-nav/src/build/sentry_communication/build/lib/sentry_communication/comm_hub.py -> /home/qkrt/qkrt-nav/src/install/sentry_communication/lib/python3.10/site-packages/sentry_communication
copying /home/qkrt/qkrt-nav/src/build/sentry_communication/build/lib/sentry_communication/async_io.py -> /home/qkrt/qkrt-nav/src/install/sentry_communication/lib/python3.10/site-packages/sentry_communication
copying /home/qkrt/qkrt-nav/src/build/sentry_communication/build/lib/sentry_communication/threaded_blocking_read.py -> /home/qkrt/qkrt-nav/src/install/sentry_communication/lib/python3.10/site-packages/sentry_communication
creating /home/qkrt/qkrt-nav/src/install/sentry_communication/lib/python3.10/site-packages/sentry_communication/communication
copying /home/qkrt/qkrt-nav/src/build/sentry_communication/build/lib/sentry_communication/communication/__init__.py -> /home/qkrt/qkrt-nav/src/install/sentry_communication/lib/python3.10/site-packages/sentry_communication/communication
copying /home/qkrt/qkrt-nav/src/build/sentry_communication/build/lib/sentry_communication/communication/CRC.py -> /home/qkrt/qkrt-nav/src/install/sentry_communication/lib/python3.10/site-packages/sentry_communication/communication
copying /home/qkrt/qkrt-nav/src/build/sentry_communication/build/lib/sentry_communication/communication/Message.py -> /home/qkrt/qkrt-nav/src/install/sentry_communication/lib/python3.10/site-packages/sentry_communication/communication
copying /home/qkrt/qkrt-nav/src/build/sentry_communication/build/lib/sentry_communication/communication/Serial.py -> /home/qkrt/qkrt-nav/src/install/sentry_communication/lib/python3.10/site-packages/sentry_communication/communication
copying /home/qkrt/qkrt-nav/src/build/sentry_communication/build/lib/sentry_communication/communication/Receive.py -> /home/qkrt/qkrt-nav/src/install/sentry_communication/lib/python3.10/site-packages/sentry_communication/communication
byte-compiling /home/qkrt/qkrt-nav/src/install/sentry_communication/lib/python3.10/site-packages/sentry_communication/mcb_message.py to mcb_message.cpython-310.pyc
byte-compiling /home/qkrt/qkrt-nav/src/install/sentry_communication/lib/python3.10/site-packages/sentry_communication/__init__.py to __init__.cpython-310.pyc
byte-compiling /home/qkrt/qkrt-nav/src/install/sentry_communication/lib/python3.10/site-packages/sentry_communication/event_driven.py to event_driven.cpython-310.pyc
byte-compiling /home/qkrt/qkrt-nav/src/install/sentry_communication/lib/python3.10/site-packages/sentry_communication/comm_hub.py to comm_hub.cpython-310.pyc
byte-compiling /home/qkrt/qkrt-nav/src/install/sentry_communication/lib/python3.10/site-packages/sentry_communication/async_io.py to async_io.cpython-310.pyc
byte-compiling /home/qkrt/qkrt-nav/src/install/sentry_communication/lib/python3.10/site-packages/sentry_communication/threaded_blocking_read.py to threaded_blocking_read.cpython-310.pyc
byte-compiling /home/qkrt/qkrt-nav/src/install/sentry_communication/lib/python3.10/site-packages/sentry_communication/communication/__init__.py to __init__.cpython-310.pyc
byte-compiling /home/qkrt/qkrt-nav/src/install/sentry_communication/lib/python3.10/site-packages/sentry_communication/communication/CRC.py to CRC.cpython-310.pyc
byte-compiling /home/qkrt/qkrt-nav/src/install/sentry_communication/lib/python3.10/site-packages/sentry_communication/communication/Message.py to Message.cpython-310.pyc
byte-compiling /home/qkrt/qkrt-nav/src/install/sentry_communication/lib/python3.10/site-packages/sentry_communication/communication/Serial.py to Serial.cpython-310.pyc
byte-compiling /home/qkrt/qkrt-nav/src/install/sentry_communication/lib/python3.10/site-packages/sentry_communication/communication/Receive.py to Receive.cpython-310.pyc
running install_data
creating /home/qkrt/qkrt-nav/src/install/sentry_communication/share/ament_index
creating /home/qkrt/qkrt-nav/src/install/sentry_communication/share/ament_index/resource_index
creating /home/qkrt/qkrt-nav/src/install/sentry_communication/share/ament_index/resource_index/packages
copying resource/sentry_communication -> /home/qkrt/qkrt-nav/src/install/sentry_communication/share/ament_index/resource_index/packages
copying package.xml -> /home/qkrt/qkrt-nav/src/install/sentry_communication/share/sentry_communication
running install_egg_info
Copying ../build/sentry_communication/sentry_communication.egg-info to /home/qkrt/qkrt-nav/src/install/sentry_communication/lib/python3.10/site-packages/sentry_communication-0.0.0-py3.10.egg-info
running install_scripts
Installing comm_hub script to /home/qkrt/qkrt-nav/src/install/sentry_communication/lib/sentry_communication
Installing threaded_blocking script to /home/qkrt/qkrt-nav/src/install/sentry_communication/lib/sentry_communication
writing list of installed files to '/home/qkrt/qkrt-nav/src/build/sentry_communication/install.log'
